$ expo run:android --no-bundler --no-install --device PeekPoke_API_36 --variant debug
env: load .env.local
env: export EXPO_PUBLIC_ENABLE_APPLE_AUTH EXPO_PUBLIC_ENABLE_GOOGLE_AUTH EXPO_PUBLIC_SUPABASE_PUBLISHABLE_KEY EXPO_PUBLIC_SUPABASE_URL EXPO_PUBLIC_WEB_ORIGIN
› Using --device PeekPoke_API_36
› Building app...
Configuration on demand is an incubating feature.
> Task :gradle-plugin:settings-plugin:checkKotlinGradlePluginConfigurationErrors SKIPPED
> Task :expo-gradle-plugin:expo-autolinking-settings-plugin:checkKotlinGradlePluginConfigurationErrors SKIPPED
> Task :gradle-plugin:shared:checkKotlinGradlePluginConfigurationErrors SKIPPED
> Task :expo-gradle-plugin:expo-autolinking-plugin-shared:checkKotlinGradlePluginConfigurationErrors SKIPPED
> Task :gradle-plugin:settings-plugin:pluginDescriptors UP-TO-DATE
> Task :expo-gradle-plugin:expo-autolinking-settings-plugin:pluginDescriptors UP-TO-DATE
> Task :expo-gradle-plugin:expo-autolinking-settings-plugin:processResources UP-TO-DATE
> Task :gradle-plugin:settings-plugin:processResources UP-TO-DATE
> Task :expo-gradle-plugin:expo-autolinking-plugin-shared:compileKotlin UP-TO-DATE
> Task :gradle-plugin:shared:compileKotlin UP-TO-DATE
> Task :expo-gradle-plugin:expo-autolinking-plugin-shared:compileJava NO-SOURCE
> Task :expo-gradle-plugin:expo-autolinking-plugin-shared:processResources NO-SOURCE
> Task :expo-gradle-plugin:expo-autolinking-plugin-shared:classes UP-TO-DATE
> Task :gradle-plugin:shared:compileJava NO-SOURCE
> Task :gradle-plugin:shared:processResources NO-SOURCE
> Task :gradle-plugin:shared:classes UP-TO-DATE
> Task :gradle-plugin:shared:jar UP-TO-DATE
> Task :expo-gradle-plugin:expo-autolinking-plugin-shared:jar UP-TO-DATE
> Task :gradle-plugin:settings-plugin:compileKotlin UP-TO-DATE
> Task :gradle-plugin:settings-plugin:compileJava NO-SOURCE
> Task :gradle-plugin:settings-plugin:classes UP-TO-DATE
> Task :gradle-plugin:settings-plugin:jar UP-TO-DATE
> Task :expo-gradle-plugin:expo-autolinking-settings-plugin:compileKotlin UP-TO-DATE
> Task :expo-gradle-plugin:expo-autolinking-settings-plugin:compileJava NO-SOURCE
> Task :expo-gradle-plugin:expo-autolinking-settings-plugin:classes UP-TO-DATE
> Task :expo-gradle-plugin:expo-autolinking-settings-plugin:jar UP-TO-DATE
> Task :expo-gradle-plugin:expo-autolinking-plugin:checkKotlinGradlePluginConfigurationErrors SKIPPED
> Task :expo-gradle-plugin:expo-max-sdk-override-plugin:checkKotlinGradlePluginConfigurationErrors SKIPPED
> Task :gradle-plugin:react-native-gradle-plugin:checkKotlinGradlePluginConfigurationErrors SKIPPED
> Task :expo-module-gradle-plugin:checkKotlinGradlePluginConfigurationErrors SKIPPED
> Task :expo-module-gradle-plugin:pluginDescriptors UP-TO-DATE
> Task :expo-module-gradle-plugin:processResources UP-TO-DATE
> Task :expo-gradle-plugin:expo-max-sdk-override-plugin:compileKotlin UP-TO-DATE
> Task :expo-gradle-plugin:expo-max-sdk-override-plugin:compileJava NO-SOURCE
> Task :expo-gradle-plugin:expo-autolinking-plugin:compileKotlin UP-TO-DATE
> Task :expo-gradle-plugin:expo-max-sdk-override-plugin:pluginDescriptors UP-TO-DATE
> Task :expo-gradle-plugin:expo-autolinking-plugin:compileJava NO-SOURCE
> Task :expo-gradle-plugin:expo-autolinking-plugin:pluginDescriptors UP-TO-DATE
> Task :expo-gradle-plugin:expo-max-sdk-override-plugin:processResources UP-TO-DATE
> Task :expo-gradle-plugin:expo-max-sdk-override-plugin:classes UP-TO-DATE
> Task :expo-gradle-plugin:expo-autolinking-plugin:processResources UP-TO-DATE
> Task :expo-gradle-plugin:expo-autolinking-plugin:classes UP-TO-DATE
> Task :expo-gradle-plugin:expo-max-sdk-override-plugin:jar UP-TO-DATE
> Task :gradle-plugin:react-native-gradle-plugin:compileKotlin UP-TO-DATE
> Task :expo-gradle-plugin:expo-autolinking-plugin:jar UP-TO-DATE
> Task :gradle-plugin:react-native-gradle-plugin:compileJava NO-SOURCE
> Task :gradle-plugin:react-native-gradle-plugin:pluginDescriptors UP-TO-DATE
> Task :gradle-plugin:react-native-gradle-plugin:processResources UP-TO-DATE
> Task :gradle-plugin:react-native-gradle-plugin:classes UP-TO-DATE
> Task :gradle-plugin:react-native-gradle-plugin:jar UP-TO-DATE
> Task :expo-module-gradle-plugin:compileKotlin UP-TO-DATE
> Task :expo-module-gradle-plugin:compileJava NO-SOURCE
> Task :expo-module-gradle-plugin:classes UP-TO-DATE
> Task :expo-module-gradle-plugin:jar UP-TO-DATE

> Configure project :app
 ℹ️  [33mApplying gradle plugin[0m '[32mexpo-max-sdk-override-plugin[0m'
  [expo-max-sdk-override-plugin] This plugin will find all permissions declared with `android:maxSdkVersion`. If there exists a declaration with the `android:maxSdkVersion` annotation and another one without, the plugin will remove the annotation from the final merged manifest. In order to see a log with the changes run a clean build of the app.

> Configure project :
[32m[ExpoRootProject][0m Using the following versions:
  - buildTools:  [32m36.0.0[0m
  - minSdk:      [32m24[0m
  - compileSdk:  [32m36[0m
  - targetSdk:   [32m36[0m
  - ndk:         [32m27.1.12297006[0m
  - kotlin:      [32m2.1.20[0m
  - ksp:         [32m2.1.20-2.0.1[0m

> Configure project :expo-modules-core
Linking react-native-worklets native libs into expo-modules-core build tasks
task ':react-native-worklets:mergeDebugNativeLibs'
task ':react-native-worklets:mergeReleaseNativeLibs'

> Configure project :expo

Using expo modules
  - [32mexpo-log-box[0m (57.0.4)
  - [32mexpo-constants[0m (57.0.19)
  - [32mexpo-modules-core[0m (57.0.18)
  - [33m[📦][0m [32mexpo-dom-webview[0m (57.0.1)
  - [33m[📦][0m [32mexpo-ui[0m (57.0.18)
  - [33m[📦][0m [32mexpo-asset[0m (57.0.18)
  - [33m[📦][0m [32mexpo-camera[0m (57.0.5)
  - [33m[📦][0m [32mexpo-crypto[0m (57.0.3)
  - [33m[📦][0m [32mexpo-device[0m (57.0.2)
  - [33m[📦][0m [32mexpo-file-system[0m (57.0.7)
  - [33m[📦][0m [32mexpo-font[0m (57.0.4)
  - [33m[📦][0m [32mexpo-image[0m (57.0.5)
  - [33m[📦][0m [32mexpo-image-loader[0m (57.0.1)
  - [33m[📦][0m [32mexpo-image-manipulator[0m (57.0.20)
  - [33m[📦][0m [32mexpo-image-picker[0m (57.0.20)
  - [33m[📦][0m [32mexpo-keep-awake[0m (57.0.2)
  - [33m[📦][0m [32mexpo-linking[0m (57.0.10)
  - [33m[📦][0m [32mexpo-network[0m (57.0.2)
  - [33m[📦][0m [32mexpo-router[0m (57.0.21)
  - [33m[📦][0m [32mexpo-secure-store[0m (57.0.4)
  - [33m[📦][0m [32mexpo-splash-screen[0m (57.0.9)
  - [33m[📦][0m [32mexpo-status-bar[0m (57.0.1)
  - [33m[📦][0m [32mexpo-system-ui[0m (57.0.4)
  - [33m[📦][0m [32mexpo-web-browser[0m (57.0.3)


> Task :expo-modules-core:preBuild UP-TO-DATE
> Task :expo-modules-core:preDebugBuild UP-TO-DATE
> Task :expo-log-box:preBuild UP-TO-DATE
> Task :react-native-masked-view_masked-view:preBuild UP-TO-DATE
> Task :react-native-masked-view_masked-view:preDebugBuild UP-TO-DATE
> Task :expo-log-box:preDebugBuild UP-TO-DATE
> Task :expo:generatePackagesList
> Task :expo:preBuild
> Task :expo:preDebugBuild
> Task :react-native-masked-view_masked-view:writeDebugAarMetadata
> Task :expo-modules-core:writeDebugAarMetadata
> Task :expo-log-box:writeDebugAarMetadata
> Task :app:generateAutolinkingNewArchitectureFiles
> Task :expo:writeDebugAarMetadata
> Task :expo-log-box:generateDebugResValues FROM-CACHE
> Task :expo-modules-core:generateDebugResValues FROM-CACHE
> Task :app:generateAutolinkingPackageList
> Task :app:generateCodegenSchemaFromJavaScript SKIPPED
> Task :app:generateCodegenArtifactsFromSchema SKIPPED
> Task :app:generateReactNativeEntryPoint
> Task :expo:generateDebugResValues FROM-CACHE
> Task :app:preBuild
> Task :app:preDebugBuild
> Task :expo-modules-core:generateDebugResources FROM-CACHE
> Task :expo-log-box:generateDebugResources FROM-CACHE
> Task :app:mergeDebugNativeDebugMetadata NO-SOURCE
> Task :app:checkKotlinGradlePluginConfigurationErrors SKIPPED
> Task :expo:generateDebugResources FROM-CACHE
> Task :app:generateDebugBuildConfig FROM-CACHE
> Task :app:generateDebugResValues FROM-CACHE
> Task :expo:packageDebugResources FROM-CACHE
> Task :expo-log-box:packageDebugResources FROM-CACHE
> Task :expo-modules-core:packageDebugResources FROM-CACHE
> Task :react-native-masked-view_masked-view:generateDebugResValues FROM-CACHE
> Task :expo-log-box:extractDeepLinksDebug FROM-CACHE
> Task :expo:extractDeepLinksDebug FROM-CACHE
> Task :react-native-masked-view_masked-view:generateDebugResources FROM-CACHE
> Task :react-native-masked-view_masked-view:packageDebugResources FROM-CACHE
> Task :expo:processDebugManifest FROM-CACHE
> Task :expo-log-box:processDebugManifest FROM-CACHE
> Task :react-native-reanimated:assertMinimalReactNativeVersionTask
> Task :react-native-masked-view_masked-view:extractDeepLinksDebug FROM-CACHE
> Task :expo:compileDebugLibraryResources FROM-CACHE
> Task :expo-modules-core:extractDeepLinksDebug FROM-CACHE
> Task :app:generateDebugResources
> Task :react-native-worklets:assertMinimalReactNativeVersionTask
> Task :react-native-masked-view_masked-view:processDebugManifest FROM-CACHE
> Task :expo-modules-core:processDebugManifest FROM-CACHE
> Task :expo-log-box:compileDebugLibraryResources FROM-CACHE
> Task :expo-modules-core:compileDebugLibraryResources FROM-CACHE
> Task :app:packageDebugResources
> Task :react-native-reanimated:assertWorkletsVersionTask
> Task :expo:parseDebugLocalResources FROM-CACHE
> Task :expo-log-box:parseDebugLocalResources FROM-CACHE
> Task :expo-modules-core:parseDebugLocalResources FROM-CACHE
> Task :expo:generateDebugRFile FROM-CACHE
> Task :expo-log-box:generateDebugRFile FROM-CACHE
> Task :app:parseDebugLocalResources
> Task :expo:checkKotlinGradlePluginConfigurationErrors SKIPPED
> Task :react-native-masked-view_masked-view:compileDebugLibraryResources FROM-CACHE
> Task :expo:generateDebugBuildConfig FROM-CACHE
> Task :expo-log-box:checkKotlinGradlePluginConfigurationErrors SKIPPED
> Task :expo-modules-core:generateDebugRFile FROM-CACHE
> Task :expo-modules-core:checkKotlinGradlePluginConfigurationErrors SKIPPED
> Task :expo-log-box:generateDebugBuildConfig FROM-CACHE
> Task :app:createDebugCompatibleScreenManifests
> Task :react-native-masked-view_masked-view:parseDebugLocalResources FROM-CACHE
> Task :react-native-safe-area-context:generateCodegenSchemaFromJavaScript
> Task :expo-log-box:javaPreCompileDebug FROM-CACHE
> Task :app:extractDeepLinksDebug FROM-CACHE
> Task :expo-modules-core:generateDebugBuildConfig FROM-CACHE
> Task :app:javaPreCompileDebug FROM-CACHE
> Task :react-native-masked-view_masked-view:generateDebugRFile FROM-CACHE
> Task :expo:javaPreCompileDebug FROM-CACHE
> Task :expo-modules-core:javaPreCompileDebug FROM-CACHE
> Task :react-native-masked-view_masked-view:generateDebugBuildConfig FROM-CACHE
> Task :app:mergeDebugShaders
> Task :expo:mergeDebugShaders
> Task :react-native-masked-view_masked-view:javaPreCompileDebug FROM-CACHE
> Task :app:compileDebugShaders NO-SOURCE
> Task :expo-log-box:mergeDebugShaders
> Task :expo:compileDebugShaders NO-SOURCE
> Task :expo:generateDebugAssets UP-TO-DATE
> Task :app:generateDebugAssets UP-TO-DATE
> Task :expo-log-box:compileDebugShaders NO-SOURCE
> Task :expo-log-box:generateDebugAssets UP-TO-DATE
> Task :expo:mergeDebugAssets
> Task :expo-log-box:mergeDebugAssets
> Task :app:desugarDebugFileDependencies FROM-CACHE
> Task :expo:mergeDebugJniLibFolders
> Task :expo:mergeDebugNativeLibs NO-SOURCE
> Task :react-native-gesture-handler:generateCodegenSchemaFromJavaScript
> Task :expo:copyDebugJniLibsProjectOnly
> Task :expo-log-box:mergeDebugJniLibFolders
> Task :expo-log-box:mergeDebugNativeLibs NO-SOURCE
> Task :expo-modules-core:mergeDebugShaders
> Task :expo-modules-core:compileDebugShaders NO-SOURCE
> Task :expo-modules-core:generateDebugAssets UP-TO-DATE
> Task :expo-log-box:copyDebugJniLibsProjectOnly
> Task :expo-modules-core:mergeDebugAssets
> Task :expo-modules-core:mergeDebugJniLibFolders
> Task :app:mergeDebugJniLibFolders
> Task :app:validateSigningDebug
> Task :app:writeDebugAppMetadata
> Task :app:writeDebugSigningConfigVersions
> Task :react-native-worklets:generateCodegenSchemaFromJavaScript
> Task :react-native-screens:generateCodegenSchemaFromJavaScript
> Task :react-native-reanimated:generateCodegenSchemaFromJavaScript
> Task :expo-constants:createExpoConfig
> Task :expo-constants:preBuild
> Task :expo-constants:preDebugBuild
> Task :expo-constants:writeDebugAarMetadata
> Task :expo-constants:generateDebugResValues FROM-CACHE
> Task :expo-constants:generateDebugResources FROM-CACHE
> Task :expo-constants:packageDebugResources FROM-CACHE
> Task :expo-constants:extractDeepLinksDebug FROM-CACHE
> Task :expo-constants:processDebugManifest FROM-CACHE
> Task :expo-constants:compileDebugLibraryResources FROM-CACHE
> Task :expo-constants:parseDebugLocalResources FROM-CACHE
> Task :expo-constants:generateDebugRFile FROM-CACHE
> Task :expo-constants:checkKotlinGradlePluginConfigurationErrors SKIPPED
> Task :expo-constants:generateDebugBuildConfig FROM-CACHE
> Task :app:checkDebugDuplicateClasses
> Task :expo-constants:javaPreCompileDebug FROM-CACHE
> Task :expo-constants:mergeDebugShaders
> Task :expo-constants:compileDebugShaders NO-SOURCE
> Task :expo-constants:generateDebugAssets UP-TO-DATE
> Task :expo-constants:mergeDebugAssets
> Task :expo-constants:mergeDebugJniLibFolders
> Task :expo-constants:mergeDebugNativeLibs NO-SOURCE
> Task :expo-constants:copyDebugJniLibsProjectOnly
> Task :react-native-safe-area-context:generateCodegenArtifactsFromSchema
> Task :react-native-safe-area-context:preBuild
> Task :react-native-safe-area-context:preDebugBuild
> Task :react-native-safe-area-context:writeDebugAarMetadata
> Task :react-native-safe-area-context:generateDebugResValues FROM-CACHE
> Task :react-native-safe-area-context:generateDebugResources FROM-CACHE
> Task :react-native-gesture-handler:generateCodegenArtifactsFromSchema
> Task :react-native-gesture-handler:preBuild
> Task :react-native-gesture-handler:preDebugBuild
> Task :react-native-safe-area-context:packageDebugResources FROM-CACHE
> Task :react-native-gesture-handler:writeDebugAarMetadata
> Task :react-native-gesture-handler:generateDebugResValues FROM-CACHE
> Task :react-native-safe-area-context:extractDeepLinksDebug FROM-CACHE
> Task :react-native-gesture-handler:generateDebugResources FROM-CACHE
> Task :react-native-safe-area-context:processDebugManifest FROM-CACHE
> Task :react-native-gesture-handler:packageDebugResources FROM-CACHE
> Task :react-native-safe-area-context:compileDebugLibraryResources FROM-CACHE
> Task :react-native-gesture-handler:extractDeepLinksDebug FROM-CACHE
> Task :react-native-safe-area-context:parseDebugLocalResources FROM-CACHE
> Task :react-native-worklets:generateCodegenArtifactsFromSchema
> Task :react-native-safe-area-context:generateDebugRFile FROM-CACHE
> Task :react-native-safe-area-context:checkKotlinGradlePluginConfigurationErrors SKIPPED
> Task :react-native-gesture-handler:processDebugManifest FROM-CACHE
> Task :react-native-safe-area-context:generateDebugBuildConfig FROM-CACHE
> Task :react-native-gesture-handler:compileDebugLibraryResources FROM-CACHE
> Task :react-native-reanimated:generateCodegenArtifactsFromSchema
> Task :react-native-gesture-handler:parseDebugLocalResources FROM-CACHE
> Task :react-native-gesture-handler:generateDebugRFile FROM-CACHE
> Task :react-native-gesture-handler:checkKotlinGradlePluginConfigurationErrors SKIPPED
> Task :react-native-gesture-handler:generateDebugBuildConfig FROM-CACHE
> Task :react-native-gesture-handler:javaPreCompileDebug FROM-CACHE
> Task :react-native-screens:generateCodegenArtifactsFromSchema
> Task :react-native-screens:preBuild
> Task :react-native-screens:preDebugBuild
> Task :react-native-screens:writeDebugAarMetadata
> Task :react-native-gesture-handler:mergeDebugShaders
> Task :react-native-screens:generateDebugResValues FROM-CACHE
> Task :react-native-gesture-handler:compileDebugShaders NO-SOURCE
> Task :react-native-gesture-handler:generateDebugAssets UP-TO-DATE
> Task :react-native-gesture-handler:mergeDebugAssets
> Task :react-native-gesture-handler:mergeDebugJniLibFolders
> Task :react-native-screens:generateDebugResources FROM-CACHE
> Task :react-native-screens:packageDebugResources FROM-CACHE
> Task :react-native-screens:extractDeepLinksDebug FROM-CACHE
> Task :react-native-screens:processDebugManifest FROM-CACHE
> Task :react-native-worklets:prepareWorkletsHeadersForPrefabs
> Task :react-native-worklets:preBuild
> Task :react-native-worklets:preDebugBuild
> Task :react-native-worklets:writeDebugAarMetadata
> Task :react-native-worklets:generateDebugResValues FROM-CACHE
> Task :react-native-screens:compileDebugLibraryResources FROM-CACHE
> Task :react-native-worklets:generateDebugResources FROM-CACHE
> Task :react-native-screens:parseDebugLocalResources FROM-CACHE
> Task :react-native-safe-area-context:compileDebugKotlin FROM-CACHE
> Task :react-native-screens:generateDebugRFile FROM-CACHE
> Task :react-native-worklets:packageDebugResources FROM-CACHE
> Task :react-native-screens:checkKotlinGradlePluginConfigurationErrors SKIPPED
> Task :react-native-worklets:extractDeepLinksDebug FROM-CACHE
> Task :react-native-screens:generateDebugBuildConfig FROM-CACHE
> Task :react-native-safe-area-context:javaPreCompileDebug FROM-CACHE
> Task :react-native-worklets:processDebugManifest FROM-CACHE
> Task :react-native-worklets:compileDebugLibraryResources FROM-CACHE
> Task :react-native-worklets:parseDebugLocalResources FROM-CACHE
> Task :react-native-worklets:generateDebugRFile FROM-CACHE
> Task :react-native-worklets:checkKotlinGradlePluginConfigurationErrors SKIPPED
> Task :react-native-worklets:generateDebugBuildConfig FROM-CACHE
> Task :react-native-masked-view_masked-view:compileDebugJavaWithJavac FROM-CACHE
> Task :react-native-masked-view_masked-view:bundleLibCompileToJarDebug
> Task :react-native-masked-view_masked-view:mergeDebugShaders
> Task :react-native-masked-view_masked-view:compileDebugShaders NO-SOURCE
> Task :react-native-masked-view_masked-view:generateDebugAssets UP-TO-DATE
> Task :react-native-masked-view_masked-view:mergeDebugAssets
> Task :react-native-masked-view_masked-view:processDebugJavaRes NO-SOURCE
> Task :react-native-worklets:compileDebugKotlin FROM-CACHE
> Task :react-native-masked-view_masked-view:bundleLibRuntimeToJarDebug
> Task :react-native-worklets:javaPreCompileDebug FROM-CACHE
> Task :react-native-masked-view_masked-view:bundleLibRuntimeToDirDebug
> Task :react-native-worklets:compileDebugJavaWithJavac FROM-CACHE
> Task :react-native-worklets:mergeDebugShaders
> Task :react-native-worklets:bundleLibCompileToJarDebug
> Task :react-native-worklets:compileDebugShaders NO-SOURCE
> Task :react-native-worklets:generateDebugAssets UP-TO-DATE
> Task :react-native-reanimated:prepareReanimatedHeadersForPrefabs
> Task :react-native-reanimated:preBuild
> Task :react-native-reanimated:preDebugBuild
> Task :react-native-worklets:mergeDebugAssets
> Task :react-native-reanimated:generateDebugResValues FROM-CACHE
> Task :react-native-reanimated:writeDebugAarMetadata
> Task :react-native-masked-view_masked-view:mergeDebugJniLibFolders
> Task :react-native-masked-view_masked-view:mergeDebugNativeLibs NO-SOURCE
> Task :react-native-reanimated:generateDebugResources FROM-CACHE
> Task :react-native-masked-view_masked-view:copyDebugJniLibsProjectOnly
> Task :react-native-worklets:bundleLibRuntimeToJarDebug
> Task :react-native-worklets:processDebugJavaRes
> Task :react-native-reanimated:packageDebugResources FROM-CACHE
> Task :react-native-reanimated:extractDeepLinksDebug FROM-CACHE
> Task :react-native-reanimated:processDebugManifest FROM-CACHE
> Task :react-native-worklets:bundleLibRuntimeToDirDebug
> Task :react-native-reanimated:compileDebugLibraryResources FROM-CACHE
> Task :react-native-reanimated:parseDebugLocalResources FROM-CACHE
> Task :react-native-reanimated:generateDebugRFile FROM-CACHE
> Task :react-native-reanimated:checkKotlinGradlePluginConfigurationErrors SKIPPED
> Task :react-native-reanimated:generateDebugBuildConfig FROM-CACHE
> Task :react-native-reanimated:compileDebugKotlin FROM-CACHE
> Task :react-native-reanimated:javaPreCompileDebug FROM-CACHE
> Task :react-native-reanimated:compileDebugJavaWithJavac FROM-CACHE
> Task :react-native-safe-area-context:compileDebugJavaWithJavac FROM-CACHE
> Task :react-native-safe-area-context:mergeDebugShaders
> Task :react-native-reanimated:mergeDebugShaders
> Task :react-native-safe-area-context:bundleLibCompileToJarDebug
> Task :react-native-safe-area-context:compileDebugShaders NO-SOURCE
> Task :react-native-reanimated:compileDebugShaders NO-SOURCE
> Task :react-native-reanimated:generateDebugAssets UP-TO-DATE
> Task :react-native-safe-area-context:generateDebugAssets UP-TO-DATE
> Task :react-native-reanimated:bundleLibCompileToJarDebug
> Task :react-native-safe-area-context:mergeDebugAssets
> Task :react-native-reanimated:mergeDebugAssets
> Task :react-native-safe-area-context:processDebugJavaRes
> Task :react-native-safe-area-context:bundleLibRuntimeToJarDebug
> Task :react-native-reanimated:processDebugJavaRes
> Task :react-native-reanimated:bundleLibRuntimeToJarDebug
> Task :react-native-safe-area-context:mergeDebugJniLibFolders
> Task :react-native-safe-area-context:mergeDebugNativeLibs NO-SOURCE
> Task :react-native-reanimated:mergeDebugJniLibFolders
> Task :react-native-safe-area-context:bundleLibRuntimeToDirDebug
> Task :react-native-reanimated:bundleLibRuntimeToDirDebug
> Task :react-native-safe-area-context:copyDebugJniLibsProjectOnly
> Task :react-native-gesture-handler:compileDebugKotlin FROM-CACHE
> Task :react-native-screens:compileDebugKotlin FROM-CACHE
> Task :react-native-screens:javaPreCompileDebug FROM-CACHE
> Task :react-native-gesture-handler:compileDebugJavaWithJavac FROM-CACHE
> Task :react-native-gesture-handler:bundleLibCompileToJarDebug
> Task :react-native-gesture-handler:processDebugJavaRes
> Task :react-native-gesture-handler:bundleLibRuntimeToJarDebug
> Task :react-native-screens:compileDebugJavaWithJavac FROM-CACHE
> Task :react-native-screens:mergeDebugShaders
> Task :react-native-screens:compileDebugShaders NO-SOURCE
> Task :react-native-screens:generateDebugAssets UP-TO-DATE
> Task :react-native-gesture-handler:bundleLibRuntimeToDirDebug
> Task :react-native-screens:mergeDebugAssets
> Task :react-native-screens:processDebugJavaRes
> Task :react-native-screens:bundleLibCompileToJarDebug
> Task :react-native-screens:bundleLibRuntimeToJarDebug
> Task :app:mergeExtDexDebug FROM-CACHE
> Task :react-native-worklets:configureCMakeDebug[arm64-v8a]
> Task :app:mapDebugSourceSetPaths
> Task :react-native-screens:configureCMakeDebug[arm64-v8a]
> Task :app:checkDebugAarMetadata
> Task :expo-modules-core:compileDebugKotlin FROM-CACHE
> Task :react-native-screens:bundleLibRuntimeToDirDebug
> Task :expo-modules-core:compileDebugJavaWithJavac FROM-CACHE
> Task :expo-modules-core:processDebugJavaRes
> Task :expo-modules-core:bundleLibCompileToJarDebug
> Task :expo-modules-core:bundleLibRuntimeToJarDebug
> Task :expo-constants:compileDebugKotlin FROM-CACHE
> Task :expo-log-box:compileDebugKotlin FROM-CACHE
> Task :expo-constants:compileDebugJavaWithJavac FROM-CACHE
> Task :expo-constants:bundleLibCompileToJarDebug
> Task :expo-constants:bundleLibRuntimeToJarDebug
> Task :expo-constants:processDebugJavaRes
> Task :expo-log-box:compileDebugJavaWithJavac FROM-CACHE
> Task :expo-constants:bundleLibRuntimeToDirDebug
> Task :expo-log-box:bundleLibCompileToJarDebug
> Task :expo-log-box:bundleLibRuntimeToJarDebug
> Task :expo-log-box:processDebugJavaRes
> Task :expo-log-box:bundleLibRuntimeToDirDebug
> Task :expo:compileDebugKotlin FROM-CACHE
> Task :expo:compileDebugJavaWithJavac FROM-CACHE
> Task :expo:processDebugJavaRes
> Task :expo:bundleLibCompileToJarDebug
> Task :expo:bundleLibRuntimeToJarDebug
> Task :react-native-screens:buildCMakeDebug[arm64-v8a]
> Task :react-native-screens:mergeDebugJniLibFolders
> Task :expo:bundleLibRuntimeToDirDebug
> Task :react-native-screens:mergeDebugNativeLibs
> Task :react-native-screens:copyDebugJniLibsProjectOnly
> Task :react-native-worklets:buildCMakeDebug[arm64-v8a][worklets]
> Task :expo-modules-core:bundleLibRuntimeToDirDebug

> Task :app:processDebugMainManifest
/Applications/Coding/qr-chat/apps/mobile/android/app/src/debug/AndroidManifest.xml Warning:
	uses-permission#android.permission.RECORD_AUDIO was tagged at AndroidManifest.xml:0 to remove other declarations but no other declaration present
/Applications/Coding/qr-chat/apps/mobile/android/app/src/debug/AndroidManifest.xml:6:5-162 Warning:
	application@android:usesCleartextTraffic was tagged at AndroidManifest.xml:6 to replace other declarations but no other declaration present
/Applications/Coding/qr-chat/apps/mobile/android/app/src/debug/AndroidManifest.xml Warning:
	provider#expo.modules.filesystem.FileSystemFileProvider@android:authorities was tagged at AndroidManifest.xml:0 to replace other declarations but no other declaration present
/Applications/Coding/qr-chat/apps/mobile/android/app/src/debug/AndroidManifest.xml Warning:
	activity#expo.modules.imagepicker.ExpoCropImageActivity@android:exported was tagged at AndroidManifest.xml:0 to replace other declarations but no other declaration present

> Task :app:expoDebugOverrideMaxSdkConflicts
[33m---------- Expo Max Sdk Override Plugin ----------[0m
[32m>>> No 'android:maxSdkVersion' conflicts found[0m
[33m--------------------------------------------------[0m

> Task :app:processDebugManifest FROM-CACHE
> Task :app:processDebugManifestForPackage FROM-CACHE
> Task :app:mergeDebugAssets
> Task :app:compressDebugAssets
> Task :app:mergeDebugResources
> Task :react-native-worklets:externalNativeBuildDebug
> Task :react-native-worklets:generateJsonModelDebug
> Task :react-native-worklets:prefabDebugConfigurePackage
> Task :react-native-worklets:prefabDebugPackage
> Task :react-native-worklets:mergeDebugJniLibFolders
> Task :react-native-reanimated:configureCMakeDebug[arm64-v8a]
> Task :react-native-reanimated:generateJsonModelDebug
> Task :expo-modules-core:configureCMakeDebug[arm64-v8a]
> Task :react-native-reanimated:prefabDebugConfigurePackage
> Task :react-native-worklets:mergeDebugNativeLibs
> Task :react-native-worklets:copyDebugJniLibsProjectOnly
> Task :app:processDebugResources
> Task :expo-modules-core:buildCMakeDebug[arm64-v8a]
> Task :expo-modules-core:mergeDebugNativeLibs
> Task :expo-modules-core:copyDebugJniLibsProjectOnly
> Task :react-native-reanimated:buildCMakeDebug[arm64-v8a][reanimated]
> Task :react-native-reanimated:externalNativeBuildDebug
> Task :react-native-reanimated:prefabDebugPackage
> Task :react-native-gesture-handler:configureCMakeDebug[arm64-v8a]
> Task :react-native-reanimated:mergeDebugNativeLibs
> Task :react-native-gesture-handler:buildCMakeDebug[arm64-v8a]
> Task :react-native-gesture-handler:mergeDebugNativeLibs
> Task :react-native-gesture-handler:copyDebugJniLibsProjectOnly
> Task :react-native-reanimated:copyDebugJniLibsProjectOnly
> Task :app:configureCMakeDebug[arm64-v8a]
> Task :app:mergeLibDexDebug
> Task :app:compileDebugKotlin
> Task :app:buildCMakeDebug[arm64-v8a]
> Task :app:compileDebugJavaWithJavac
> Task :app:dexBuilderDebug
> Task :app:processDebugJavaRes
> Task :app:mergeDebugGlobalSynthetics
> Task :app:mergeProjectDexDebug
> Task :app:mergeDebugJavaResource
> Task :app:mergeDebugNativeLibs
> Task :app:stripDebugDebugSymbols
> Task :app:packageDebug
> Task :app:createDebugApkListingFileRedirect
> Task :app:assembleDebug

[Incubating] Problems report is available at: file:///Applications/Coding/qr-chat/apps/mobile/android/build/reports/problems/problems-report.html

Deprecated Gradle features were used in this build, making it incompatible with Gradle 10.

You can use '--warning-mode all' to show the individual deprecation warnings and determine if they come from your own scripts or plugins.

For more on this, please refer to https://docs.gradle.org/9.3.1/userguide/command_line_interface.html#sec:command_line_warnings in the Gradle documentation.

BUILD SUCCESSFUL in 51s
317 actionable tasks: 162 executed, 127 from cache, 28 up-to-date
Waiting on http://localhost:8081
› Installing /Applications/Coding/qr-chat/apps/mobile/android/app/build/outputs/apk/debug/app-debug.apk
› Opening qrchat://expo-development-client/?url=http%3A%2F%2F192.168.100.76%3A8081 on PeekPoke_API_36
