$ pnpm test:tooling && pnpm check:boundaries && pnpm typecheck && pnpm lint && pnpm test
$ node --test scripts/tests/*.test.mjs
✔ allows declared public package imports and local imports (85.702917ms)
✔ rejects imports from private workspace package paths (42.147625ms)
✔ rejects package imports that are missing from the app manifest (31.159958ms)
✔ requires shared packages to declare their imported workspace packages (19.23275ms)
✔ rejects relative imports between client apps and packages into an app (24.431875ms)
✔ rejects UI and platform imports in shared packages (18.920459ms)
✔ rejects unused forbidden package dependencies (15.881875ms)
✔ accepts conditional public exports and rejects null export overrides (15.8515ms)
✔ accepts a root conditional export object (16.652ms)
✔ parses type imports, literal require, and dynamic imports while ignoring comments (15.584917ms)
✔ fails for missing or empty workspace roots (2.193792ms)
✔ reports non-ENOENT manifest and source directory read errors (13.999917ms)
ℹ tests 12
ℹ suites 0
ℹ pass 12
ℹ fail 0
ℹ cancelled 0
ℹ skipped 0
ℹ todo 0
ℹ duration_ms 568.89
$ node scripts/check-boundaries.mjs
Workspace import boundaries pass.
$ turbo typecheck
• turbo 2.10.12

   • Packages in scope: @qr-chat/api, @qr-chat/domain, @qr-chat/types, @qr-chat/validation, mobile, web
   • Running typecheck in 6 packages
   • Remote caching disabled

@qr-chat/validation:typecheck: cache hit, replaying logs 6dcda66c9f3bd3d5
@qr-chat/validation:typecheck: $ tsc --noEmit -p tsconfig.json
@qr-chat/domain:typecheck: cache hit, replaying logs a5eac7610531ee12
@qr-chat/domain:typecheck: $ tsc --noEmit -p tsconfig.json
@qr-chat/types:typecheck: cache hit, replaying logs 9675a62a00a0d5f9
@qr-chat/types:typecheck: $ tsc --noEmit -p tsconfig.json
@qr-chat/api:typecheck: cache hit, replaying logs 4b79efec4c868033
@qr-chat/api:typecheck: $ tsc --noEmit -p tsconfig.json
mobile:typecheck: cache miss, executing 0442b0e50785cc22
web:typecheck: cache miss, executing 46ab63dc74a40df1
mobile:typecheck: $ tsc --noEmit
web:typecheck: $ next typegen && tsc --noEmit
web:typecheck: Generating route types...
web:typecheck: ✓ Types generated successfully

 Tasks:    6 successful, 6 total
Cached:    4 cached, 6 total
  Time:    4.526s

$ turbo lint
• turbo 2.10.12

   • Packages in scope: @qr-chat/api, @qr-chat/domain, @qr-chat/types, @qr-chat/validation, mobile, web
   • Running lint in 6 packages
   • Remote caching disabled

mobile:lint: cache miss, executing cf82ce3b6a9024f1
web:lint: cache miss, executing 3ca5a008049fc192
web:lint: $ eslint
mobile:lint: $ expo lint
mobile:lint: env: load .env.local
mobile:lint: env: export EXPO_PUBLIC_ENABLE_APPLE_AUTH EXPO_PUBLIC_ENABLE_GOOGLE_AUTH EXPO_PUBLIC_SUPABASE_PUBLISHABLE_KEY EXPO_PUBLIC_SUPABASE_URL EXPO_PUBLIC_WEB_ORIGIN

 Tasks:    2 successful, 2 total
Cached:    0 cached, 2 total
  Time:    8.819s

$ turbo test
• turbo 2.10.12

   • Packages in scope: @qr-chat/api, @qr-chat/domain, @qr-chat/types, @qr-chat/validation, mobile, web
   • Running test in 6 packages
   • Remote caching disabled

@qr-chat/domain:test: cache hit, replaying logs 5ec4a31c2e5f1796
@qr-chat/domain:test: $ node --test tests/*.test.mjs
@qr-chat/domain:test: ✔ QR handoffs preserve case, unicode, and URL-like opaque keys across clients (0.408625ms)
@qr-chat/domain:test: ✔ message age handles boundaries and clocks ahead of the device (0.076709ms)
@qr-chat/domain:test: ✔ group access indicator displays a clamped 24-hour countdown without deciding membership access (0.368458ms)
@qr-chat/domain:test: ✔ direct message previews never claim an unknown sender is the current user (0.053667ms)
@qr-chat/domain:test: ✔ direct conversation time uses the first finite message or friendship timestamp (0.06525ms)
@qr-chat/domain:test: ✔ group initials use the first two Unicode word tokens (0.573125ms)
@qr-chat/domain:test: ✔ QR page metadata resolves venue titles while rejecting generic, technical, and conflicting names (2.028541ms)
@qr-chat/domain:test: ℹ tests 7
@qr-chat/domain:test: ℹ suites 0
@qr-chat/domain:test: ℹ pass 7
@qr-chat/domain:test: ℹ fail 0
@qr-chat/domain:test: ℹ cancelled 0
@qr-chat/domain:test: ℹ skipped 0
@qr-chat/domain:test: ℹ todo 0
@qr-chat/domain:test: ℹ duration_ms 83.821291
@qr-chat/api:test: cache hit, replaying logs 00148e5e880caf1d
@qr-chat/api:test: $ node --test tests/*.test.mjs
@qr-chat/api:test: ✔ hostile inputs are rejected before any network request (4.017958ms)
@qr-chat/api:test: ✔ join and leave each call only the authoritative transactional RPC (1.143625ms)
@qr-chat/api:test: ✔ named joins use the required-name RPC and return the database winner (0.325792ms)
@qr-chat/api:test: ✔ name resolution prefers a shared saved name, otherwise returns only a bounded authenticated server suggestion (11.086542ms)
@qr-chat/api:test: ✔ name lookup caller cancellation bounds an unresolved saved-name RPC (5.440625ms)
@qr-chat/api:test: ✔ writes derive the sender from auth and exclude arbitrary write fields (0.226541ms)
@qr-chat/api:test: ✔ pagination uses a strict cursor and a lookahead, including equal timestamps (0.169583ms)
@qr-chat/api:test: ✔ failed sign-out surfaces the error; success removes channels (0.215792ms)
@qr-chat/api:test: ✔ QR name and image share concurrent metadata and successful session cache; failures are retried (18.481875ms)
@qr-chat/api:test: ✔ previous-session metadata cannot be returned or cached after invalidation (1.642375ms)
@qr-chat/api:test: ✔ avatar uploads use the authenticated folder and save before cleaning up the previous photo (2.466542ms)
@qr-chat/api:test: ✔ editing the name retains a photo; removal clears it and does not delete provider images (0.199542ms)
@qr-chat/api:test: ✔ failed uploads do not change profiles, and ambiguous saves retain both images (1.030958ms)
@qr-chat/api:test: ✔ cleanup failure does not turn a committed profile save into failure (0.1605ms)
@qr-chat/api:test: ✔ invalid avatar bytes, paths, and oversized images are rejected before network access (0.566042ms)
@qr-chat/api:test: ✔ cleanup never targets another account or an unexpected object path (0.32175ms)
@qr-chat/api:test: ✔ simultaneous sources share one read and one trailing read preserves in-flight events (7.253709ms)
@qr-chat/api:test: ✔ pause cancels queued work and a later session can schedule fresh work (8.003083ms)
@qr-chat/api:test: ✔ filtered reconnect refetches missed data, retries, and cleans up (45.180959ms)
@qr-chat/api:test: ✔ events arriving during a refetch trigger one more reconciliation (11.6555ms)
@qr-chat/api:test: ✔ periodic recovery handles filtered deletes and expiration without events (30.113417ms)
@qr-chat/api:test: ✔ Postgres readiness closes the channel-join snapshot gap (21.602083ms)
@qr-chat/api:test: ✔ request diagnostics are opt-in and contain only bounded request metadata (25.885083ms)
@qr-chat/api:test: ✔ diagnostics preserve failed requests and an observer cannot break delivery (0.581083ms)
@qr-chat/api:test: ✔ bootstrap batches previews for 0, 1, and 100 friends with no per-friend queries (3.433125ms)
@qr-chat/api:test: ✔ bootstrap preserves chronology and group switching resets pagination (0.363542ms)
@qr-chat/api:test: ✔ membership and friendship removed during loading cannot publish private bodies (0.217334ms)
@qr-chat/api:test: ✔ account switches and access-check failures reject private snapshots (5.217375ms)
@qr-chat/api:test: ✔ direct reads require accepted access before and after message loading (0.565583ms)
@qr-chat/api:test: ✔ idle overview does not read history or individual friends; pause stops work (123.079875ms)
@qr-chat/api:test: ✔ only displayed conversations load history and pagination downloads one next page (7.160291ms)
@qr-chat/api:test: ✔ message bursts fetch authorized IDs without rereading profile, contacts or history (19.131333ms)
@qr-chat/api:test: ✔ mutation plus matching event and composer refresh share the returned row (5.29225ms)
@qr-chat/api:test: ✔ a DM event updates its preview without downloading an unopened conversation (20.003083ms)
@qr-chat/api:test: ✔ active DM and preview reuse one authorized read (18.131959ms)
@qr-chat/api:test: ✔ overlap recovery includes missed messages below the previous maximum (6.305042ms)
@qr-chat/api:test: ✔ long reconnect gaps paginate until overlapping cached history without rereading older pages (6.037833ms)
@qr-chat/api:test: ✔ access revoked during message loading clears the conversation before publication (19.198042ms)
@qr-chat/api:test: ✔ failed access check hides private data without claiming membership expired (18.478ms)
@qr-chat/api:test: ✔ removed friendship clears messages, previews and subscriptions on the safety check (4.187417ms)
@qr-chat/api:test: ✔ same-identity auth events do not trigger reads; sign-out invalidates in-flight data (47.839375ms)
@qr-chat/api:test: ✔ unchanged displayed conversations add no history reads to the single safety check (4.27125ms)
@qr-chat/api:test: ✔ missed deletes are removed from newest and older cached pages on reconnect (5.602459ms)
@qr-chat/api:test: ✔ manual retry after failed access restores the overview and displayed history (20.191459ms)
@qr-chat/api:test: ✔ rapid lifecycle changes cannot publish a previous request or its failure (34.467459ms)
@qr-chat/api:test: ✔ replication readiness merges startup hints and reconciles the eventual startup gap (49.479125ms)
@qr-chat/api:test: ✔ 30-minute idle benchmark reduces Auth/Data API requests by over 80 percent (3.989667ms)
@qr-chat/api:test: ℹ 30m simulated idle: 540 baseline requests vs 15 optimized (97.2% reduction); zero remote identity lookups.
@qr-chat/api:test: ✔ matching mutation events arriving during access verification do not add a trailing read (33.42675ms)
@qr-chat/api:test: ✔ an account switch clears cached identity and discards previous-account results (32.965042ms)
@qr-chat/api:test: ✔ overview includes a group preview and group events never download unopened history (33.401792ms)
@qr-chat/api:test: ✔ reconnect restores a late-committed ID below the newest window in previously loaded history (5.982916ms)
@qr-chat/api:test: ✔ repeated message-access failures retain exponential backoff until full recovery (8.153334ms)
@qr-chat/api:test: ✔ a replaced membership does not load the new room while the old conversation is displayed (3.9125ms)
@qr-chat/api:test: ✔ profile reconciliation updates cached message authors without reloading history (2.75825ms)
@qr-chat/api:test: ✔ profile events reconcile visible identities and dropped peers lose subscriptions (19.1745ms)
@qr-chat/api:test: ✔ a delayed older page cannot restore profile data superseded by an overview (19.828333ms)
@qr-chat/api:test: ✔ a primary-key-only friendship deletion promptly drops cached direct access (18.611542ms)
@qr-chat/api:test: ✔ a peer expiry refreshes membership without waiting for the safety poll (3.4225ms)
@qr-chat/api:test: ℹ tests 58
@qr-chat/api:test: ℹ suites 0
@qr-chat/api:test: ℹ pass 58
@qr-chat/api:test: ℹ fail 0
@qr-chat/api:test: ℹ cancelled 0
@qr-chat/api:test: ℹ skipped 0
@qr-chat/api:test: ℹ todo 0
@qr-chat/api:test: ℹ duration_ms 772.639375
web:test: cache miss, executing d49da3db28b6b445
mobile:test: cache miss, executing 56f34164f61e85c1
web:test: $ node --test tests/*.test.mjs
mobile:test: $ node --test tests/*.test.mjs
web:test: ✔ auth return destinations stay on the app origin (3.322958ms)
web:test: ✔ auth routes cannot become recursive return destinations (0.259625ms)
web:test: ✔ photo normalization crops centrally, resizes, encodes JPEG, and releases the decoded image (2.037084ms)
web:test: ✔ unsupported or oversized photos are rejected before decoding (0.256333ms)
web:test: ✔ unreadable photos produce a useful error (0.207583ms)
web:test: ✔ denied camera permission takes priority over the scanner missing-camera fallback (1.198416ms)
web:test: ✔ a missing device still gets the device-specific message (0.290333ms)
web:test: ✔ unsupported camera permission queries give recovery guidance without claiming no camera exists (0.373292ms)
web:test: ✔ QR keys remain case-sensitive; only our deep links are unwrapped (2.890833ms)
web:test: ✔ pending DM results are ignored after the active conversation changes (0.205875ms)
web:test: ✔ Chats loading uses one scrolling list below the persistent header and search placeholder (25.286917ms)
web:test: ✔ Chats orders the active group before individual requests and ordered DMs (68.26725ms)
web:test: ✔ missing groups take no placeholder space and access-ended notices keep friend chats visible (2.733042ms)
web:test: ✔ failed chat loads and individual preview failures have explicit recovery without empty claims (1.817042ms)
web:test: ✔ search matches group and friend names case-insensitively and reports no matching chats (0.137708ms)
web:test: ✔ requests are newest first, and requests alone prevent the onboarding empty state (11.860875ms)
web:test: ✔ first-DM copy and composer keep the addressed friend and recoverable draft visible (2.793375ms)
web:test: ✔ direct-message bubbles keep sent messages compact and show received sender avatars and profile actions (10.153667ms)
web:test: ✔ legacy chats links reach the single home page without changing the QR key (59.417458ms)
web:test: ✔ the profile route renders a full profile page (9.449542ms)
web:test: ✔ the profile page provides a back link to Chats and keeps its actions (757.99ms)
web:test: ✔ landing offers browser entry and keeps unavailable native download slots empty (177.893959ms)
web:test: ✔ public landing never receives the development phone frame (7.246208ms)
web:test: ✔ desktop product routes show landing and mobile product routes render their authenticated content (1.746709ms)
web:test: ✔ metadata cache stays outside auth, lasts one hour and excludes transient failures (813.546208ms)
web:test: ✔ web session host pauses on hidden/offline, resumes once and removes lifecycle listeners (398.884875ms)
web:test: ✔ transport failures show connection guidance while actionable API and validation errors stay useful (41.857667ms)
web:test: ✔ Vercel Analytics requests bypass the authentication proxy (4.37075ms)
web:test: ✔ application pages and APIs still pass through the authentication proxy (1.034125ms)
web:test: ✔ the public landing needs no session while application routes still enforce sign-in (6.312291ms)
web:test: ✔ HTML metadata parsing decodes entities, prioritizes the venue title, and rejects malformed or generic sources (14.085875ms)
web:test: ✔ public IP validation excludes local, reserved, and mapped private addresses (3.803583ms)
web:test: ✔ lookup accepts only public HTTP(S) hosts and pins DNS results across redirects (78.359292ms)
web:test: ✔ lookup rejects DNS rebinding, redirect loops, oversized pages, and hung requests within its deadline (77.964459ms)
web:test: ✔ the name API route enforces bearer or cookie authentication after proxy bypass (7.453833ms)
web:test: ℹ tests 35
web:test: ℹ suites 0
web:test: ℹ pass 35
web:test: ℹ fail 0
web:test: ℹ cancelled 0
web:test: ℹ skipped 0
web:test: ℹ todo 0
web:test: ℹ duration_ms 3579.202292
mobile:test: react-test-renderer is deprecated. See https://react.dev/warnings/react-test-renderer
mobile:test: react-test-renderer is deprecated. See https://react.dev/warnings/react-test-renderer
mobile:test: ✔ native auth retains a QR destination through sign-in and clears protected identity on sign-out (231.215666ms)
mobile:test: react-test-renderer is deprecated. See https://react.dev/warnings/react-test-renderer
mobile:test: ✔ token refresh follows foreground/background and a late session read cannot undo sign-out (3.830625ms)
mobile:test: react-test-renderer is deprecated. See https://react.dev/warnings/react-test-renderer
mobile:test: ✔ the newest QR event wins over a delayed initial link and OAuth callbacks cannot replace it (3.818541ms)
mobile:test: react-test-renderer is deprecated. See https://react.dev/warnings/react-test-renderer
mobile:test: ✔ a pending external QR opens the scanner (20.219875ms)
mobile:test: ✔ native offline state pauses networking and reconnect activates exactly once (5.384833ms)
mobile:test: (node:74223) [MODULE_TYPELESS_PACKAGE_JSON] Warning: Module type of file:///Applications/Coding/qr-chat/apps/mobile/src/lib/secure-storage.ts is not specified and it doesn't parse as CommonJS.
mobile:test: Reparsing as ES module because module syntax was detected. This incurs a performance overhead.
mobile:test: To eliminate this warning, add "type": "module" to /Applications/Coding/qr-chat/apps/mobile/package.json.
mobile:test: (Use `node --trace-warnings ...` to show where the warning was created)
mobile:test: ✔ QR links preserve the intended code through sign-in without accepting other destinations (3.987375ms)
mobile:test: ✔ the system browser and deep-link route exchange a callback exactly once (7.294667ms)
mobile:test: ✔ native callbacks accept only the exact callback and a single PKCE code (9.904166ms)
mobile:test: ✔ large Unicode sessions remain entirely in secure storage and are deleted on sign-out (8.119584ms)
mobile:test: ✔ failed token refresh writes preserve the last complete session (0.846792ms)
mobile:test: ✔ concurrent refresh and sign-out writes cannot resurrect the session (1.048083ms)
mobile:test: ✔ incomplete secure storage fails closed (0.319709ms)
mobile:test: react-test-renderer is deprecated. See https://react.dev/warnings/react-test-renderer
mobile:test: ✔ network failures explain recovery without exposing transport implementation text (2.532ms)
mobile:test: react-test-renderer is deprecated. See https://react.dev/warnings/react-test-renderer
mobile:test: ✔ group access is ended only after a successful snapshot observes active-to-none (24.695625ms)
mobile:test: ✔ accepted DM previews subscribe to message changes and stop after friendship removal (16.324375ms)
mobile:test: react-test-renderer is deprecated. See https://react.dev/warnings/react-test-renderer
mobile:test: react-test-renderer is deprecated. See https://react.dev/warnings/react-test-renderer
mobile:test: ✔ ios: Chats shows one ordered list with the current group, individual requests and real DM previews (484.174917ms)
mobile:test: react-test-renderer is deprecated. See https://react.dev/warnings/react-test-renderer
mobile:test: ✔ ios: Chats distinguishes a first group from observed expiry and retries a failed load (10.720833ms)
mobile:test: react-test-renderer is deprecated. See https://react.dev/warnings/react-test-renderer
mobile:test: ✔ ios: inline request actions recover from failure and acceptance becomes a DM (7.144375ms)
mobile:test: react-test-renderer is deprecated. See https://react.dev/warnings/react-test-renderer
mobile:test: ✔ ios: accessible request actions prevent duplicate acceptance while pending (83.763333ms)
mobile:test: react-test-renderer is deprecated. See https://react.dev/warnings/react-test-renderer
mobile:test: ✔ ios: the access ring refreshes once a minute and clears stale countdown timers (86.772875ms)
mobile:test: react-test-renderer is deprecated. See https://react.dev/warnings/react-test-renderer
mobile:test: ✔ ios: Chats loading skeleton uses the unified list structure (11.068167ms)
mobile:test: react-test-renderer is deprecated. See https://react.dev/warnings/react-test-renderer
mobile:test: ✔ ios: a failed DM preview has a separate retry action (6.56275ms)
mobile:test: react-test-renderer is deprecated. See https://react.dev/warnings/react-test-renderer
mobile:test: ✔ android: Chats shows one ordered list with the current group, individual requests and real DM previews (143.074625ms)
mobile:test: react-test-renderer is deprecated. See https://react.dev/warnings/react-test-renderer
mobile:test: ✔ android: Chats distinguishes a first group from observed expiry and retries a failed load (9.704834ms)
mobile:test: react-test-renderer is deprecated. See https://react.dev/warnings/react-test-renderer
mobile:test: ✔ android: inline request actions recover from failure and acceptance becomes a DM (5.092834ms)
mobile:test: react-test-renderer is deprecated. See https://react.dev/warnings/react-test-renderer
mobile:test: ✔ android: accessible request actions prevent duplicate acceptance while pending (7.481166ms)
mobile:test: react-test-renderer is deprecated. See https://react.dev/warnings/react-test-renderer
mobile:test: ✔ android: the access ring refreshes once a minute and clears stale countdown timers (160.102625ms)
mobile:test: react-test-renderer is deprecated. See https://react.dev/warnings/react-test-renderer
mobile:test: ✔ android: Chats loading skeleton uses the unified list structure (2.980375ms)
mobile:test: ✔ android: a failed DM preview has a separate retry action (5.082625ms)
mobile:test: react-test-renderer is deprecated. See https://react.dev/warnings/react-test-renderer
mobile:test: react-test-renderer is deprecated. See https://react.dev/warnings/react-test-renderer
mobile:test: react-test-renderer is deprecated. See https://react.dev/warnings/react-test-renderer
mobile:test: ✔ ios: chats and profile keep scrollable content inside native safe areas (302.090917ms)
mobile:test: react-test-renderer is deprecated. See https://react.dev/warnings/react-test-renderer
mobile:test: react-test-renderer is deprecated. See https://react.dev/warnings/react-test-renderer
mobile:test: ✔ ios: the profile uses the system bottom sheet and old chats links return home (4.287667ms)
mobile:test: react-test-renderer is deprecated. See https://react.dev/warnings/react-test-renderer
mobile:test: react-test-renderer is deprecated. See https://react.dev/warnings/react-test-renderer
mobile:test: ✔ android: chats and profile keep scrollable content inside native safe areas (32.523292ms)
mobile:test: react-test-renderer is deprecated. See https://react.dev/warnings/react-test-renderer
mobile:test: ✔ android: the profile uses the system bottom sheet and old chats links return home (128.605292ms)
mobile:test: ✔ iOS generation supports scene lifecycle and native screen status-bar navigation (2015.253417ms)
mobile:test: react-test-renderer is deprecated. See https://react.dev/warnings/react-test-renderer
mobile:test: react-test-renderer is deprecated. See https://react.dev/warnings/react-test-renderer
mobile:test: react-test-renderer is deprecated. See https://react.dev/warnings/react-test-renderer
mobile:test: react-test-renderer is deprecated. See https://react.dev/warnings/react-test-renderer
mobile:test: react-test-renderer is deprecated. See https://react.dev/warnings/react-test-renderer
mobile:test: react-test-renderer is deprecated. See https://react.dev/warnings/react-test-renderer
mobile:test: react-test-renderer is deprecated. See https://react.dev/warnings/react-test-renderer
mobile:test: react-test-renderer is deprecated. See https://react.dev/warnings/react-test-renderer
mobile:test: react-test-renderer is deprecated. See https://react.dev/warnings/react-test-renderer
mobile:test: react-test-renderer is deprecated. See https://react.dev/warnings/react-test-renderer
mobile:test: react-test-renderer is deprecated. See https://react.dev/warnings/react-test-renderer
mobile:test: react-test-renderer is deprecated. See https://react.dev/warnings/react-test-renderer
mobile:test: react-test-renderer is deprecated. See https://react.dev/warnings/react-test-renderer
mobile:test: react-test-renderer is deprecated. See https://react.dev/warnings/react-test-renderer
mobile:test: react-test-renderer is deprecated. See https://react.dev/warnings/react-test-renderer
mobile:test: react-test-renderer is deprecated. See https://react.dev/warnings/react-test-renderer
mobile:test: react-test-renderer is deprecated. See https://react.dev/warnings/react-test-renderer
mobile:test: react-test-renderer is deprecated. See https://react.dev/warnings/react-test-renderer
mobile:test: react-test-renderer is deprecated. See https://react.dev/warnings/react-test-renderer
mobile:test: react-test-renderer is deprecated. See https://react.dev/warnings/react-test-renderer
mobile:test: react-test-renderer is deprecated. See https://react.dev/warnings/react-test-renderer
mobile:test: react-test-renderer is deprecated. See https://react.dev/warnings/react-test-renderer
mobile:test: react-test-renderer is deprecated. See https://react.dev/warnings/react-test-renderer
mobile:test: react-test-renderer is deprecated. See https://react.dev/warnings/react-test-renderer
mobile:test: react-test-renderer is deprecated. See https://react.dev/warnings/react-test-renderer
mobile:test: react-test-renderer is deprecated. See https://react.dev/warnings/react-test-renderer
mobile:test: react-test-renderer is deprecated. See https://react.dev/warnings/react-test-renderer
mobile:test: react-test-renderer is deprecated. See https://react.dev/warnings/react-test-renderer
mobile:test: react-test-renderer is deprecated. See https://react.dev/warnings/react-test-renderer
mobile:test: react-test-renderer is deprecated. See https://react.dev/warnings/react-test-renderer
mobile:test: react-test-renderer is deprecated. See https://react.dev/warnings/react-test-renderer
mobile:test: react-test-renderer is deprecated. See https://react.dev/warnings/react-test-renderer
mobile:test: react-test-renderer is deprecated. See https://react.dev/warnings/react-test-renderer
mobile:test: react-test-renderer is deprecated. See https://react.dev/warnings/react-test-renderer
mobile:test: react-test-renderer is deprecated. See https://react.dev/warnings/react-test-renderer
mobile:test: react-test-renderer is deprecated. See https://react.dev/warnings/react-test-renderer
mobile:test: react-test-renderer is deprecated. See https://react.dev/warnings/react-test-renderer
mobile:test: react-test-renderer is deprecated. See https://react.dev/warnings/react-test-renderer
mobile:test: react-test-renderer is deprecated. See https://react.dev/warnings/react-test-renderer
mobile:test: react-test-renderer is deprecated. See https://react.dev/warnings/react-test-renderer
mobile:test: react-test-renderer is deprecated. See https://react.dev/warnings/react-test-renderer
mobile:test: react-test-renderer is deprecated. See https://react.dev/warnings/react-test-renderer
mobile:test: react-test-renderer is deprecated. See https://react.dev/warnings/react-test-renderer
mobile:test: react-test-renderer is deprecated. See https://react.dev/warnings/react-test-renderer
mobile:test: react-test-renderer is deprecated. See https://react.dev/warnings/react-test-renderer
mobile:test: react-test-renderer is deprecated. See https://react.dev/warnings/react-test-renderer
mobile:test: react-test-renderer is deprecated. See https://react.dev/warnings/react-test-renderer
mobile:test: react-test-renderer is deprecated. See https://react.dev/warnings/react-test-renderer
mobile:test: react-test-renderer is deprecated. See https://react.dev/warnings/react-test-renderer
mobile:test: react-test-renderer is deprecated. See https://react.dev/warnings/react-test-renderer
mobile:test: react-test-renderer is deprecated. See https://react.dev/warnings/react-test-renderer
mobile:test: react-test-renderer is deprecated. See https://react.dev/warnings/react-test-renderer
mobile:test: react-test-renderer is deprecated. See https://react.dev/warnings/react-test-renderer
mobile:test: react-test-renderer is deprecated. See https://react.dev/warnings/react-test-renderer
mobile:test: react-test-renderer is deprecated. See https://react.dev/warnings/react-test-renderer
mobile:test: ✔ ios: scanning, joining and rejoining preserve the web QR key through Expo navigation (577.885208ms)
mobile:test: react-test-renderer is deprecated. See https://react.dev/warnings/react-test-renderer
mobile:test: react-test-renderer is deprecated. See https://react.dev/warnings/react-test-renderer
mobile:test: react-test-renderer is deprecated. See https://react.dev/warnings/react-test-renderer
mobile:test: react-test-renderer is deprecated. See https://react.dev/warnings/react-test-renderer
mobile:test: react-test-renderer is deprecated. See https://react.dev/warnings/react-test-renderer
mobile:test: react-test-renderer is deprecated. See https://react.dev/warnings/react-test-renderer
mobile:test: ✔ ios: handoff links cannot join until the QR is scanned, preserving percent escapes (78.076375ms)
mobile:test: react-test-renderer is deprecated. See https://react.dev/warnings/react-test-renderer
mobile:test: react-test-renderer is deprecated. See https://react.dev/warnings/react-test-renderer
mobile:test: react-test-renderer is deprecated. See https://react.dev/warnings/react-test-renderer
mobile:test: react-test-renderer is deprecated. See https://react.dev/warnings/react-test-renderer
mobile:test: react-test-renderer is deprecated. See https://react.dev/warnings/react-test-renderer
mobile:test: react-test-renderer is deprecated. See https://react.dev/warnings/react-test-renderer
mobile:test: react-test-renderer is deprecated. See https://react.dev/warnings/react-test-renderer
mobile:test: react-test-renderer is deprecated. See https://react.dev/warnings/react-test-renderer
mobile:test: react-test-renderer is deprecated. See https://react.dev/warnings/react-test-renderer
mobile:test: react-test-renderer is deprecated. See https://react.dev/warnings/react-test-renderer
mobile:test: react-test-renderer is deprecated. See https://react.dev/warnings/react-test-renderer
mobile:test: react-test-renderer is deprecated. See https://react.dev/warnings/react-test-renderer
mobile:test: react-test-renderer is deprecated. See https://react.dev/warnings/react-test-renderer
mobile:test: react-test-renderer is deprecated. See https://react.dev/warnings/react-test-renderer
mobile:test: react-test-renderer is deprecated. See https://react.dev/warnings/react-test-renderer
mobile:test: react-test-renderer is deprecated. See https://react.dev/warnings/react-test-renderer
mobile:test: react-test-renderer is deprecated. See https://react.dev/warnings/react-test-renderer
mobile:test: react-test-renderer is deprecated. See https://react.dev/warnings/react-test-renderer
mobile:test: react-test-renderer is deprecated. See https://react.dev/warnings/react-test-renderer
mobile:test: react-test-renderer is deprecated. See https://react.dev/warnings/react-test-renderer
mobile:test: react-test-renderer is deprecated. See https://react.dev/warnings/react-test-renderer
mobile:test: react-test-renderer is deprecated. See https://react.dev/warnings/react-test-renderer
mobile:test: react-test-renderer is deprecated. See https://react.dev/warnings/react-test-renderer
mobile:test: react-test-renderer is deprecated. See https://react.dev/warnings/react-test-renderer
mobile:test: react-test-renderer is deprecated. See https://react.dev/warnings/react-test-renderer
mobile:test: react-test-renderer is deprecated. See https://react.dev/warnings/react-test-renderer
mobile:test: react-test-renderer is deprecated. See https://react.dev/warnings/react-test-renderer
mobile:test: react-test-renderer is deprecated. See https://react.dev/warnings/react-test-renderer
mobile:test: react-test-renderer is deprecated. See https://react.dev/warnings/react-test-renderer
mobile:test: react-test-renderer is deprecated. See https://react.dev/warnings/react-test-renderer
mobile:test: react-test-renderer is deprecated. See https://react.dev/warnings/react-test-renderer
mobile:test: react-test-renderer is deprecated. See https://react.dev/warnings/react-test-renderer
mobile:test: react-test-renderer is deprecated. See https://react.dev/warnings/react-test-renderer
mobile:test: react-test-renderer is deprecated. See https://react.dev/warnings/react-test-renderer
mobile:test: react-test-renderer is deprecated. See https://react.dev/warnings/react-test-renderer
mobile:test: react-test-renderer is deprecated. See https://react.dev/warnings/react-test-renderer
mobile:test: react-test-renderer is deprecated. See https://react.dev/warnings/react-test-renderer
mobile:test: react-test-renderer is deprecated. See https://react.dev/warnings/react-test-renderer
mobile:test: react-test-renderer is deprecated. See https://react.dev/warnings/react-test-renderer
mobile:test: react-test-renderer is deprecated. See https://react.dev/warnings/react-test-renderer
mobile:test: react-test-renderer is deprecated. See https://react.dev/warnings/react-test-renderer
mobile:test: react-test-renderer is deprecated. See https://react.dev/warnings/react-test-renderer
mobile:test: react-test-renderer is deprecated. See https://react.dev/warnings/react-test-renderer
mobile:test: react-test-renderer is deprecated. See https://react.dev/warnings/react-test-renderer
mobile:test: react-test-renderer is deprecated. See https://react.dev/warnings/react-test-renderer
mobile:test: react-test-renderer is deprecated. See https://react.dev/warnings/react-test-renderer
mobile:test: react-test-renderer is deprecated. See https://react.dev/warnings/react-test-renderer
mobile:test: react-test-renderer is deprecated. See https://react.dev/warnings/react-test-renderer
mobile:test: react-test-renderer is deprecated. See https://react.dev/warnings/react-test-renderer
mobile:test: react-test-renderer is deprecated. See https://react.dev/warnings/react-test-renderer
mobile:test: react-test-renderer is deprecated. See https://react.dev/warnings/react-test-renderer
mobile:test: react-test-renderer is deprecated. See https://react.dev/warnings/react-test-renderer
mobile:test: react-test-renderer is deprecated. See https://react.dev/warnings/react-test-renderer
mobile:test: react-test-renderer is deprecated. See https://react.dev/warnings/react-test-renderer
mobile:test: ✔ android: scanning, joining and rejoining preserve the web QR key through Expo navigation (886.90375ms)
mobile:test: react-test-renderer is deprecated. See https://react.dev/warnings/react-test-renderer
mobile:test: react-test-renderer is deprecated. See https://react.dev/warnings/react-test-renderer
mobile:test: react-test-renderer is deprecated. See https://react.dev/warnings/react-test-renderer
mobile:test: react-test-renderer is deprecated. See https://react.dev/warnings/react-test-renderer
mobile:test: react-test-renderer is deprecated. See https://react.dev/warnings/react-test-renderer
mobile:test: ✔ android: handoff links cannot join until the QR is scanned, preserving percent escapes (933.793916ms)
mobile:test: react-test-renderer is deprecated. See https://react.dev/warnings/react-test-renderer
mobile:test: react-test-renderer is deprecated. See https://react.dev/warnings/react-test-renderer
mobile:test: ✔ ios: compiled room survives membership removal and an empty initial snapshot (213.203416ms)
mobile:test: ✔ android: compiled room survives membership removal and an empty initial snapshot (9.421958ms)
mobile:test: react-test-renderer is deprecated. See https://react.dev/warnings/react-test-renderer
mobile:test: react-test-renderer is deprecated. See https://react.dev/warnings/react-test-renderer
mobile:test: ✔ ios: scanning the current code opens its conversation without joining again (61.203959ms)
mobile:test: react-test-renderer is deprecated. See https://react.dev/warnings/react-test-renderer
mobile:test: ✔ ios: joining waits for the profile and replaces the modal with the joined room (27.646583ms)
mobile:test: react-test-renderer is deprecated. See https://react.dev/warnings/react-test-renderer
mobile:test: ✔ ios: an unnamed active room is named in place and failed refresh preserves the draft (17.234583ms)
mobile:test: react-test-renderer is deprecated. See https://react.dev/warnings/react-test-renderer
mobile:test: ✔ ios: an unnamed current group scan opens its naming preview instead of its room (4.654708ms)
mobile:test: react-test-renderer is deprecated. See https://react.dev/warnings/react-test-renderer
mobile:test: ✔ ios: an old metadata response cannot replace a later scan or its draft (48.623084ms)
mobile:test: react-test-renderer is deprecated. See https://react.dev/warnings/react-test-renderer
mobile:test: ✔ ios: a room that expires or is replaced cannot show the new group's messages (26.754041ms)
mobile:test: react-test-renderer is deprecated. See https://react.dev/warnings/react-test-renderer
mobile:test: ✔ ios: scanner rejects invalid input, handles permission recovery, and stops in the background (26.795167ms)
mobile:test: react-test-renderer is deprecated. See https://react.dev/warnings/react-test-renderer
mobile:test: ✔ ios: member actions stop when that membership is no longer current (12.029292ms)
mobile:test: react-test-renderer is deprecated. See https://react.dev/warnings/react-test-renderer
mobile:test: ✔ ios: editing a profile preserves a failed save and closes after success (50.957208ms)
mobile:test: react-test-renderer is deprecated. See https://react.dev/warnings/react-test-renderer
mobile:test: ✔ ios: a member profile supports requesting, accepting and messaging with live relationship changes (48.998042ms)
mobile:test: react-test-renderer is deprecated. See https://react.dev/warnings/react-test-renderer
mobile:test: ✔ ios: selecting a photo normalizes it, keeps preview on failed save, and removal is explicit (22.499541ms)
mobile:test: react-test-renderer is deprecated. See https://react.dev/warnings/react-test-renderer
mobile:test: ✔ ios: opening a join link without a scan opens the camera without joining (2.70525ms)
mobile:test: react-test-renderer is deprecated. See https://react.dev/warnings/react-test-renderer
mobile:test: ✔ ios: removing a friendship clears its direct conversation and composer (26.344583ms)
mobile:test: react-test-renderer is deprecated. See https://react.dev/warnings/react-test-renderer
mobile:test: ✔ ios: direct messages keep sent bubbles compact and received avatars open the sender profile (4.624542ms)
mobile:test: react-test-renderer is deprecated. See https://react.dev/warnings/react-test-renderer
mobile:test: ✔ ios: an accepted friend’s empty DM shows a greeting only after its first read succeeds (4.687625ms)
mobile:test: react-test-renderer is deprecated. See https://react.dev/warnings/react-test-renderer
mobile:test: ✔ ios: a failed empty-DM read keeps its retry state instead of showing a first-message greeting (4.16325ms)
mobile:test: react-test-renderer is deprecated. See https://react.dev/warnings/react-test-renderer
mobile:test: ✔ android: scanning the current code opens its conversation without joining again (1.280792ms)
mobile:test: react-test-renderer is deprecated. See https://react.dev/warnings/react-test-renderer
mobile:test: ✔ android: joining waits for the profile and replaces the modal with the joined room (7.341417ms)
mobile:test: react-test-renderer is deprecated. See https://react.dev/warnings/react-test-renderer
mobile:test: ✔ android: an unnamed active room is named in place and failed refresh preserves the draft (8.088792ms)
mobile:test: react-test-renderer is deprecated. See https://react.dev/warnings/react-test-renderer
mobile:test: ✔ android: an unnamed current group scan opens its naming preview instead of its room (2.261084ms)
mobile:test: react-test-renderer is deprecated. See https://react.dev/warnings/react-test-renderer
mobile:test: ✔ android: an old metadata response cannot replace a later scan or its draft (8.182625ms)
mobile:test: react-test-renderer is deprecated. See https://react.dev/warnings/react-test-renderer
mobile:test: ✔ android: a room that expires or is replaced cannot show the new group's messages (6.153875ms)
mobile:test: react-test-renderer is deprecated. See https://react.dev/warnings/react-test-renderer
mobile:test: ✔ android: scanner rejects invalid input, handles permission recovery, and stops in the background (5.080875ms)
mobile:test: react-test-renderer is deprecated. See https://react.dev/warnings/react-test-renderer
mobile:test: ✔ android: member actions stop when that membership is no longer current (7.474041ms)
mobile:test: react-test-renderer is deprecated. See https://react.dev/warnings/react-test-renderer
mobile:test: ✔ android: editing a profile preserves a failed save and closes after success (5.625166ms)
mobile:test: react-test-renderer is deprecated. See https://react.dev/warnings/react-test-renderer
mobile:test: ✔ android: a member profile supports requesting, accepting and messaging with live relationship changes (8.550666ms)
mobile:test: react-test-renderer is deprecated. See https://react.dev/warnings/react-test-renderer
mobile:test: ✔ android: selecting a photo normalizes it, keeps preview on failed save, and removal is explicit (8.684ms)
mobile:test: react-test-renderer is deprecated. See https://react.dev/warnings/react-test-renderer
mobile:test: ✔ android: opening a join link without a scan opens the camera without joining (1.229709ms)
mobile:test: react-test-renderer is deprecated. See https://react.dev/warnings/react-test-renderer
mobile:test: ✔ android: removing a friendship clears its direct conversation and composer (6.961166ms)
mobile:test: react-test-renderer is deprecated. See https://react.dev/warnings/react-test-renderer
mobile:test: ✔ android: direct messages keep sent bubbles compact and received avatars open the sender profile (6.446459ms)
mobile:test: react-test-renderer is deprecated. See https://react.dev/warnings/react-test-renderer
mobile:test: ✔ android: an accepted friend’s empty DM shows a greeting only after its first read succeeds (16.242584ms)
mobile:test: react-test-renderer is deprecated. See https://react.dev/warnings/react-test-renderer
mobile:test: ✔ android: a failed empty-DM read keeps its retry state instead of showing a first-message greeting (97.502959ms)
mobile:test: react-test-renderer is deprecated. See https://react.dev/warnings/react-test-renderer
mobile:test: ✔ resuming the app retains direct-message pagination and reconciles before reporting connected (43.474917ms)
mobile:test: react-test-renderer is deprecated. See https://react.dev/warnings/react-test-renderer
mobile:test: ✔ message composer retains a failed draft and clears it before a failed refresh (44.882208ms)
mobile:test: react-test-renderer is deprecated. See https://react.dev/warnings/react-test-renderer
mobile:test: ✔ message composer displays a pending spinner and prevents duplicate sends (6.9365ms)
mobile:test: react-test-renderer is deprecated. See https://react.dev/warnings/react-test-renderer
mobile:test: ✔ retrying a direct conversation after a backend failure reconciles the friendship snapshot (9.448958ms)
mobile:test: ✔ sending a native DM refreshes its conversation without reloading the overview (9.014333ms)
mobile:test: react-test-renderer is deprecated. See https://react.dev/warnings/react-test-renderer
mobile:test: react-test-renderer is deprecated. See https://react.dev/warnings/react-test-renderer
mobile:test: ✔ ios: native product sign-in offers only Google and completes its secure callback (215.952166ms)
mobile:test: react-test-renderer is deprecated. See https://react.dev/warnings/react-test-renderer
mobile:test: ✔ ios: a failed Google start remains retryable without opening an invalid URL (7.609958ms)
mobile:test: react-test-renderer is deprecated. See https://react.dev/warnings/react-test-renderer
mobile:test: ✔ android: native product sign-in offers only Google and completes its secure callback (107.345875ms)
mobile:test: ✔ android: a failed Google start remains retryable without opening an invalid URL (5.687541ms)
mobile:test: ℹ tests 81
mobile:test: ℹ suites 0
mobile:test: ℹ pass 81
mobile:test: ℹ fail 0
mobile:test: ℹ cancelled 0
mobile:test: ℹ skipped 0
mobile:test: ℹ todo 0
mobile:test: ℹ duration_ms 8142.059792

 Tasks:    4 successful, 4 total
Cached:    2 cached, 4 total
  Time:    8.239s
