▶ Supabase clients share authorized data, serialize joins, paginate, and recover
  ✔ simultaneous joins resolve to one room (361.341292ms)
  ✔ RLS rejects outsider reads and sender spoofing (242.3995ms)
  ✔ shared messages paginate without overlap while new messages arrive (268.287834ms)
  ✔ friend acceptance gates DMs and removal revokes them (1041.031958ms)
  ✔ avatar storage rejects writes and deletion outside the authenticated owner folder (716.93425ms)
  ✔ filtered Realtime delivers changes and refetches missed messages after reconnect (1507.393875ms)
  ✔ shared store delivers within two seconds, pauses and recovers without remote user lookups (3461.007ms)
  ✔ profile edits converge in peer and same-account stores including loaded message authors (1918.545125ms)
  ✔ peer declines and friendship removal invalidate visible stores without polling (2044.410875ms)
  ✔ local sign-out clears its session while another session for the account can refresh (303.046791ms)
  ✔ leaving immediately revokes access and sign-out ends the session (178.169ms)
✔ Supabase clients share authorized data, serialize joins, paginate, and recover (13705.697375ms)
ℹ tests 12
ℹ suites 0
ℹ pass 12
ℹ fail 0
ℹ cancelled 0
ℹ skipped 0
ℹ todo 0
ℹ duration_ms 23956.951709
