env: load .env.local
env: export EXPO_PUBLIC_ENABLE_APPLE_AUTH EXPO_PUBLIC_ENABLE_GOOGLE_AUTH EXPO_PUBLIC_SUPABASE_PUBLISHABLE_KEY EXPO_PUBLIC_SUPABASE_URL EXPO_PUBLIC_WEB_ORIGIN
Using src/app as the root directory for Expo Router.
React Compiler enabled
Expo Autolinking module resolution enabled
Starting Metro Bundler

| (node:73984) Warning: The 'NO_COLOR' env is ignored due to the 'FORCE_COLOR' env being set.
| (Use `node --trace-warnings ...` to show where the warning was created)
| (node:73984) Warning: The 'NO_COLOR' env is ignored due to the 'FORCE_COLOR' env being set.
| (Use `node --trace-warnings ...` to show where the warning was created)
iOS Bundled 53314ms node_modules/.pnpm/expo-router@57.0.21_2cdde7cadf7b6efac01277622bc21290/node_modules/expo-router/entry.js (1870 modules)
Android Bundled 61069ms node_modules/.pnpm/expo-router@57.0.21_2cdde7cadf7b6efac01277622bc21290/node_modules/expo-router/entry.js (1872 modules)

› Assets (35):
../../node_modules/.pnpm/@expo-google-fonts+material-symbols@0.4.47/node_modules/@expo-google-fonts/material-symbols/400Regular/MaterialSymbols_400Regular.ttf (967KB)
../../node_modules/.pnpm/@expo+ui@57.0.18_@babel+core@7.29.7_supports-color@8.1.1__@types+react-dom@19.2.3_@type_36bd43692abb06576c1d1cb2cbd8f3b9/node_modules/@expo/ui/assets/keyboard_arrow_down.xml (378B)
../../node_modules/.pnpm/expo-router@57.0.21_2cdde7cadf7b6efac01277622bc21290/node_modules/expo-router/assets/arrow_down.png (9.5KB)
../../node_modules/.pnpm/expo-router@57.0.21_2cdde7cadf7b6efac01277622bc21290/node_modules/expo-router/assets/arrow_right.xml (307B)
../../node_modules/.pnpm/expo-router@57.0.21_2cdde7cadf7b6efac01277622bc21290/node_modules/expo-router/assets/checkmark.xml (312B)
../../node_modules/.pnpm/expo-router@57.0.21_2cdde7cadf7b6efac01277622bc21290/node_modules/expo-router/assets/error.png (469B)
../../node_modules/.pnpm/expo-router@57.0.21_2cdde7cadf7b6efac01277622bc21290/node_modules/expo-router/assets/file.png (138B)
../../node_modules/.pnpm/expo-router@57.0.21_2cdde7cadf7b6efac01277622bc21290/node_modules/expo-router/assets/forward.png (188B)
../../node_modules/.pnpm/expo-router@57.0.21_2cdde7cadf7b6efac01277622bc21290/node_modules/expo-router/assets/pkg.png (364B)
../../node_modules/.pnpm/expo-router@57.0.21_2cdde7cadf7b6efac01277622bc21290/node_modules/expo-router/assets/react-navigation/elements/back-icon-mask.png (653B)
../../node_modules/.pnpm/expo-router@57.0.21_2cdde7cadf7b6efac01277622bc21290/node_modules/expo-router/assets/react-navigation/elements/back-icon.png (8 variations | 359B)
../../node_modules/.pnpm/expo-router@57.0.21_2cdde7cadf7b6efac01277622bc21290/node_modules/expo-router/assets/react-navigation/elements/clear-icon.png (4 variations | 425B)
../../node_modules/.pnpm/expo-router@57.0.21_2cdde7cadf7b6efac01277622bc21290/node_modules/expo-router/assets/react-navigation/elements/close-icon.png (4 variations | 235B)
../../node_modules/.pnpm/expo-router@57.0.21_2cdde7cadf7b6efac01277622bc21290/node_modules/expo-router/assets/react-navigation/elements/search-icon.png (7 variations | 592B)
../../node_modules/.pnpm/expo-router@57.0.21_2cdde7cadf7b6efac01277622bc21290/node_modules/expo-router/assets/sitemap.png (465B)
../../node_modules/.pnpm/expo-router@57.0.21_2cdde7cadf7b6efac01277622bc21290/node_modules/expo-router/assets/unmatched.png (4.8KB)

› ios bundles (1):
_expo/static/js/ios/entry-d74b81308ece04694395ef94d1b32a3c.hbc (5.3MB)

› android bundles (1):
_expo/static/js/android/entry-592b0526e91d613dd30d9deca1f5df65.hbc (5.4MB)

› Files (1):
metadata.json (3.5KB)

Exported: /private/tmp/qr-chat-native-export
