$ next build
▲ Next.js 16.3.4 (Turbopack)
- Environments: .env.local
✓ Running next.config.ts took 17ms

  Creating an optimized production build ...
✓ Compiled successfully in 2.5s
  Running TypeScript ...
  Finished TypeScript in 3.6s ...
  Collecting page data using 9 workers ...
  Generating static pages using 9 workers (0/11) ...
  Generating static pages using 9 workers (2/11)
  Generating static pages using 9 workers (5/11)
  Generating static pages using 9 workers (8/11)
✓ Generating static pages using 9 workers (11/11) in 214ms
  Finalizing page optimization ...

Route (app)
┌ ƒ /
├ ƒ /_not-found
├ ƒ /api/qr-name
├ ƒ /auth/callback
├ ƒ /chats
├ ƒ /design-preview
├ ƒ /profile
├ ƒ /sign-in
└ ƒ /welcome


ƒ Proxy (Middleware)

ƒ  (Dynamic)  server-rendered on demand
